docker-compose : time="2025-12-04T14:37:19+02:00" level=warning msg="The \"HOME\" variable is 
not set. Defaulting to a blank string."
At line:1 char:147
+ ... -Seconds 2; docker-compose -f docker-compose.prod.yml build 2>&1 | Te ...
+                 ~~~~~~~~~~~~~~~~~~~~~~~~~~~~~~~~~~~~~~~~~~~~~~~~~~~~
    + CategoryInfo          : NotSpecified: (time="2025-12-0... blank string.":String) [], Remot 
   eException
    + FullyQualifiedErrorId : NativeCommandError
 
time="2025-12-04T14:37:19+02:00" level=warning msg="The \"HOME\" variable is not set. Defaulting 
to a blank string."
time="2025-12-04T14:37:19+02:00" level=warning msg="The \"HOME\" variable is not set. Defaulting 
to a blank string."
time="2025-12-04T14:37:19+02:00" level=warning msg="The \"HOME\" variable is not set. Defaulting 
to a blank string."
time="2025-12-04T14:37:19+02:00" level=warning msg="C:\\Dev\\Velya\\docker-compose.prod.yml: the 
attribute `version` is obsolete, it will be ignored, please remove it to avoid potential 
confusion"
#1 [internal] load local bake definitions
#1 reading from stdin 997B done
#1 DONE 0.0s

#2 [backend internal] load build definition from Dockerfile
#2 transferring dockerfile: 540B 0.0s done
#2 DONE 0.1s

#3 [frontend internal] load build definition from Dockerfile
#3 transferring dockerfile: 767B 0.0s done
#3 DONE 0.1s

#4 [frontend internal] load metadata for docker.io/library/node:18-alpine
#4 ...

#5 [auth] library/node:pull token for registry-1.docker.io
#5 DONE 0.0s

#6 [auth] library/nginx:pull token for registry-1.docker.io
#6 DONE 0.0s

#7 [frontend internal] load metadata for docker.io/library/nginx:alpine
#7 ...

#8 [backend internal] load metadata for docker.io/library/node:20-alpine
#8 DONE 3.7s

#9 [backend internal] load .dockerignore
#9 transferring context: 2B done
#9 DONE 0.0s

#10 [backend internal] load build context
#10 DONE 0.0s

#7 [frontend internal] load metadata for docker.io/library/nginx:alpine
#7 DONE 3.7s

#4 [frontend internal] load metadata for docker.io/library/node:18-alpine
#4 DONE 3.7s

#11 [frontend internal] load .dockerignore
#11 transferring context: 2B done
#11 DONE 0.0s

#12 [backend 1/8] FROM docker.io/library/node:20-alpine@sha256:16858294071a56ffd4cce9f17b57136cc39e41507b40e245b4f8e906f7a19463
#12 resolve docker.io/library/node:20-alpine@sha256:16858294071a56ffd4cce9f17b57136cc39e41507b40e245b4f8e906f7a19463
#12 resolve docker.io/library/node:20-alpine@sha256:16858294071a56ffd4cce9f17b57136cc39e41507b40e245b4f8e906f7a19463 0.1s done
#12 DONE 0.1s

#13 [frontend internal] load build context
#13 DONE 0.0s

#10 [backend internal] load build context
#10 transferring context: 8.34kB 0.0s done
#10 DONE 0.1s

#14 [backend 2/8] WORKDIR /app
#14 CACHED

#15 [backend 3/8] COPY package*.json ./
#15 CACHED

#16 [frontend stage-1 1/4] FROM docker.io/library/nginx:alpine@sha256:b3c656d55d7ad751196f21b7fd2e8d4da9cb430e32f646adcf92441b72f82b14
#16 resolve docker.io/library/nginx:alpine@sha256:b3c656d55d7ad751196f21b7fd2e8d4da9cb430e32f646adcf92441b72f82b14 0.1s done
#16 DONE 0.1s

#17 [frontend builder 1/6] FROM docker.io/library/node:18-alpine@sha256:8d6421d663b4c28fd3ebc498332f249011d118945588d0a35cb9bc4b8ca09d9e
#17 resolve docker.io/library/node:18-alpine@sha256:8d6421d663b4c28fd3ebc498332f249011d118945588d0a35cb9bc4b8ca09d9e 0.1s done
#17 DONE 0.1s

#18 [frontend stage-1 2/4] RUN rm /etc/nginx/conf.d/default.conf
#18 CACHED

#13 [frontend internal] load build context
